------------------------------------------------------------
Timing Analyzer Summary
------------------------------------------------------------

Type  : Slow 1200mV 85C Model Setup 'clk'
Slack : -2.597
TNS   : -46.638

Type  : Slow 1200mV 85C Model Setup 'state.S1'
Slack : -1.113
TNS   : -9.428

Type  : Slow 1200mV 85C Model Hold 'state.S1'
Slack : 0.180
TNS   : 0.000

Type  : Slow 1200mV 85C Model Hold 'clk'
Slack : 0.358
TNS   : 0.000

Type  : Slow 1200mV 85C Model Minimum Pulse Width 'clk'
Slack : -3.000
TNS   : -26.000

Type  : Slow 1200mV 85C Model Minimum Pulse Width 'state.S1'
Slack : -1.000
TNS   : -14.000

Type  : Slow 1200mV 0C Model Setup 'clk'
Slack : -2.253
TNS   : -39.704

Type  : Slow 1200mV 0C Model Setup 'state.S1'
Slack : -0.966
TNS   : -8.074

Type  : Slow 1200mV 0C Model Hold 'state.S1'
Slack : 0.238
TNS   : 0.000

Type  : Slow 1200mV 0C Model Hold 'clk'
Slack : 0.312
TNS   : 0.000

Type  : Slow 1200mV 0C Model Minimum Pulse Width 'clk'
Slack : -3.000
TNS   : -26.000

Type  : Slow 1200mV 0C Model Minimum Pulse Width 'state.S1'
Slack : -1.000
TNS   : -14.000

Type  : Fast 1200mV 0C Model Setup 'clk'
Slack : -1.007
TNS   : -18.180

Type  : Fast 1200mV 0C Model Setup 'state.S1'
Slack : -0.297
TNS   : -1.652

Type  : Fast 1200mV 0C Model Hold 'state.S1'
Slack : 0.162
TNS   : 0.000

Type  : Fast 1200mV 0C Model Hold 'clk'
Slack : 0.187
TNS   : 0.000

Type  : Fast 1200mV 0C Model Minimum Pulse Width 'clk'
Slack : -3.000
TNS   : -27.288

Type  : Fast 1200mV 0C Model Minimum Pulse Width 'state.S1'
Slack : -1.000
TNS   : -14.000

------------------------------------------------------------
